// Jest Snapshot v1, https://goo.gl/fbAQLP

exports[`Phone when rendered should match snapshot 1`] = `
<Text
  calculation=""
  colspan="1"
  default=""
  description=""
  format="US"
  hidden="0"
  hide_label="0"
  id="115390386"
  label="Over here's a Phone Number"
  logic={null}
  maxlength={null}
  name="over_heres_a_phone_number"
  onChange={null}
  options=""
  pattern={null}
  placeholder="International format"
  readonly="0"
  required="0"
  sort="3"
  text_size={2}
  type="tel"
  uniq="0"
  value=""
  workflow_access="write"
/>
`;
